// Jest Snapshot v1, https://goo.gl/fbAQLP

exports[`App shows App component 1`] = `
<BrowserRouter>
  <div
    className="App"
  >
    <Connect(Header) />
    <Switch>
      <Route
        exact={true}
        path="/"
        render={[Function]}
      />
      <Route
        component={[Function]}
        path="/about"
      />
      <Connect(PrivateRoute)
        component={[Function]}
        path="/game"
      />
    </Switch>
    <footer />
  </div>
</BrowserRouter>
`;
