// Jest Snapshot v1, https://goo.gl/fbAQLP

exports[`MostRecalled shows MostRecalled component 1`] = `
<article
  className="most-recalled"
/>
`;
