// Jest Snapshot v1, https://goo.gl/fbAQLP

exports[`TopScore shows TopScore component 1`] = `
<article
  className="top-score"
/>
`;
