// Jest Snapshot v1, https://goo.gl/fbAQLP

exports[`UserStats shows UserStats component 1`] = `<article />`;
